npm warn exec The following package was not found and will be installed: playwright@1.58.2
Error: No tests found

